START random_unitnorm 0
END random_unitnorm 0 2.88 1
START random_unitnorm 0
END random_unitnorm 0 53.89 0
START frozen_random_unitnorm 0
END frozen_random_unitnorm 0 38.57 0
START random_unitnorm 1
END random_unitnorm 1 49.24 0
START frozen_random_unitnorm 1
END frozen_random_unitnorm 1 53.56 0
START random_unitnorm 2
END random_unitnorm 2 66.04 0
START frozen_random_unitnorm 2
END frozen_random_unitnorm 2 66.63 0
START random_unitnorm 3
END random_unitnorm 3 58.08 0
START frozen_random_unitnorm 3
END frozen_random_unitnorm 3 54.82 0
START random_unitnorm 4
END random_unitnorm 4 52.3 0
START frozen_random_unitnorm 4
END frozen_random_unitnorm 4 37.98 0
