START v4_lowdata random 0
END v4_lowdata random 0 seconds 25.86 returncode 0
START v4_lowdata template_init 0
END v4_lowdata template_init 0 seconds 24.25 returncode 0
START v4_lowdata frozen_templates 0
END v4_lowdata frozen_templates 0 seconds 33.12 returncode 0
START v4_lowdata random 1
END v4_lowdata random 1 seconds 34.72 returncode 0
START v4_lowdata template_init 1
END v4_lowdata template_init 1 seconds 63.03 returncode 0
START v4_lowdata frozen_templates 1
END v4_lowdata frozen_templates 1 seconds 45.25 returncode 0
START v4_lowdata random 2
END v4_lowdata random 2 seconds 36.72 returncode 0
START v4_lowdata template_init 2
END v4_lowdata template_init 2 seconds 56.11 returncode 0
START v4_lowdata frozen_templates 2
END v4_lowdata frozen_templates 2 seconds 48.01 returncode 0
START v4_lowdata random 3
END v4_lowdata random 3 seconds 84.4 returncode 0
START v4_lowdata template_init 3
END v4_lowdata template_init 3 seconds 53.77 returncode 0
START v4_lowdata frozen_templates 3
END v4_lowdata frozen_templates 3 seconds 62.85 returncode 0
START v4_lowdata random 4
END v4_lowdata random 4 seconds 47.73 returncode 0
START v4_lowdata template_init 4
END v4_lowdata template_init 4 seconds 46.26 returncode 0
START v4_lowdata frozen_templates 4
END v4_lowdata frozen_templates 4 seconds 34.48 returncode 0
START v3_seed0 random 0
END v3_seed0 random 0 seconds 65.54 returncode 0
START v3_seed0 template_init 0
END v3_seed0 template_init 0 seconds 172.26 returncode 0
START v3_seed0 frozen_templates 0
END v3_seed0 frozen_templates 0 seconds 61.4 returncode 0
